
Circuit 1 cell sky130_fd_pr__cap_mim_m3_1 and Circuit 2 cell sky130_fd_pr__cap_mim_m3_1 are black boxes.
Warning: Equate pins:  cell sky130_fd_pr__cap_mim_m3_1 is a placeholder, treated as a black box.
Warning: Equate pins:  cell sky130_fd_pr__cap_mim_m3_1 is a placeholder, treated as a black box.

Subcircuit pins:
Circuit 1: sky130_fd_pr__cap_mim_m3_1      |Circuit 2: sky130_fd_pr__cap_mim_m3_1      
-------------------------------------------|-------------------------------------------
1                                          |1                                          
2                                          |2                                          
---------------------------------------------------------------------------------------
Cell pin lists are equivalent.
Device classes sky130_fd_pr__cap_mim_m3_1 and sky130_fd_pr__cap_mim_m3_1 are equivalent.

Class c3gap_diff_flat (0):  Merged 8684 parallel devices.
Class c3gap_diff_flat (1):  Merged 8684 parallel devices.
Subcircuit summary:
Circuit 1: c3gap_diff_flat                 |Circuit 2: c3gap_diff_flat                 
-------------------------------------------|-------------------------------------------
sky130_fd_pr__cap_mim_m3_1 (8712->28)      |sky130_fd_pr__cap_mim_m3_1 (8712->28)      
Number of devices: 28                      |Number of devices: 28                      
Number of nets: 30                         |Number of nets: 30                         
---------------------------------------------------------------------------------------
Resolving symmetries by property value.
Resolving symmetries by pin name.
Netlists match uniquely.

Subcircuit pins:
Circuit 1: c3gap_diff_flat                 |Circuit 2: c3gap_diff_flat                 
-------------------------------------------|-------------------------------------------
P_EDGE_BIAS                                |P_EDGE_BIAS                                
N_EDGE_BIAS                                |N_EDGE_BIAS                                
P_TOP                                      |P_TOP                                      
N_TOP                                      |N_TOP                                      
P_B6                                       |P_B6                                       
N_B6                                       |N_B6                                       
P_B11                                      |P_B11                                      
N_B11                                      |N_B11                                      
P_B7                                       |P_B7                                       
N_B7                                       |N_B7                                       
P_B8                                       |P_B8                                       
N_B8                                       |N_B8                                       
P_B9                                       |P_B9                                       
N_B9                                       |N_B9                                       
P_B10                                      |P_B10                                      
N_B10                                      |N_B10                                      
P_B1                                       |P_B1                                       
N_B1                                       |N_B1                                       
P_B2                                       |P_B2                                       
N_B2                                       |N_B2                                       
P_B3                                       |P_B3                                       
N_B3                                       |N_B3                                       
P_B4                                       |P_B4                                       
N_B4                                       |N_B4                                       
P_B5                                       |P_B5                                       
N_B5                                       |N_B5                                       
P_B0                                       |P_B0                                       
P_DUMMY                                    |P_DUMMY                                    
N_B0                                       |N_B0                                       
N_DUMMY                                    |N_DUMMY                                    
---------------------------------------------------------------------------------------
Cell pin lists are equivalent.
Device classes c3gap_diff_flat and c3gap_diff_flat are equivalent.

Final result: Circuits match uniquely.
.
