
===========================================================================
report_checks -unconstrained
===========================================================================
======================= nom_ff_n40C_1v95 Corner ===================================

Startpoint: clk (clock source 'clk')
Endpoint: comparator_evaluate (output port clocked by clk)
Path Group: clk
Path Type: max

Fanout         Cap        Slew       Delay        Time   Description
---------------------------------------------------------------------------------------------
                                  0.000000    0.000000   clock clk (fall edge)
                                  0.000000    0.000000   clock source latency
     2    0.031662    0.000000    0.000000    0.000000 v clk (in)
                                                         clk (net)
                      0.002220    0.001108    0.001108 v clkbuf_0_clk/A (sky130_fd_sc_hd__clkbuf_16)
     1    0.008101    0.022059    0.080149    0.081258 v clkbuf_0_clk/X (sky130_fd_sc_hd__clkbuf_16)
                                                         clknet_0_clk (net)
                      0.022060    0.000284    0.081542 v clkbuf_1_0__f_clk/A (sky130_fd_sc_hd__clkbuf_16)
     1    0.003971    0.019735    0.084896    0.166438 v clkbuf_1_0__f_clk/X (sky130_fd_sc_hd__clkbuf_16)
                                                         clknet_1_0__leaf_clk (net)
                      0.019736    0.000142    0.166580 v _144_/A (sky130_fd_sc_hd__nor2_1)
     1    0.005234    0.081387    0.082338    0.248917 ^ _144_/Y (sky130_fd_sc_hd__nor2_1)
                                                         net7 (net)
                      0.081387    0.000199    0.249116 ^ output7/A (sky130_fd_sc_hd__buf_2)
     1    0.051265    0.188813    0.191847    0.440963 ^ output7/X (sky130_fd_sc_hd__buf_2)
                                                         comparator_evaluate (net)
                      0.188825    0.001279    0.442242 ^ comparator_evaluate (out)
                                              0.442242   data arrival time

                                 10.000000   10.000000   max_delay
                                  0.000000   10.000000   clock clk (rise edge)
                                  0.000000   10.000000   clock network delay (propagated)
                                 -1.000000    9.000000   clock uncertainty
                                  0.000000    9.000000   clock reconvergence pessimism
                                  0.000000    9.000019   output external delay
                                              9.000019   data required time
---------------------------------------------------------------------------------------------
                                              9.000019   data required time
                                             -0.442242   data arrival time
---------------------------------------------------------------------------------------------
                                              8.557777   slack (MET)




===========================================================================
report_checks --slack_max -0.01
============================================================================
======================= nom_ff_n40C_1v95 Corner ===================================

No paths found.


===========================================================================
 report_check_types -max_slew -max_cap -max_fanout -violators
============================================================================
======================= nom_ff_n40C_1v95 Corner ===================================



===========================================================================
report_parasitic_annotation -report_unannotated
============================================================================
Found 3 unannotated drivers.
 clkload0/X
 clkload1/X
 clkload2/X
Found 0 partially unannotated drivers.

===========================================================================
max slew violation count 0
max fanout violation count 0
max cap violation count 0
============================================================================

===========================================================================
check_setup -verbose -unconstrained_endpoints -multiple_clock -no_clock -no_input_delay -loops -generated_clocks
===========================================================================
Warning: There is 1 input port missing set_input_delay.
  rst_n
