
===========================================================================
report_checks -unconstrained
===========================================================================
======================= max_tt_025C_1v80 Corner ===================================

Startpoint: clk (clock source 'clk')
Endpoint: comparator_evaluate (output port clocked by clk)
Path Group: clk
Path Type: max

Fanout         Cap        Slew       Delay        Time   Description
---------------------------------------------------------------------------------------------
                                  0.000000    0.000000   clock clk (fall edge)
                                  0.000000    0.000000   clock source latency
     2    0.032712    0.000000    0.000000    0.000000 v clk (in)
                                                         clk (net)
                      0.003124    0.001563    0.001563 v clkbuf_0_clk/A (sky130_fd_sc_hd__clkbuf_16)
     1    0.008117    0.028710    0.119144    0.120707 v clkbuf_0_clk/X (sky130_fd_sc_hd__clkbuf_16)
                                                         clknet_0_clk (net)
                      0.028714    0.000654    0.121361 v clkbuf_1_0__f_clk/A (sky130_fd_sc_hd__clkbuf_16)
     1    0.004137    0.025943    0.126022    0.247383 v clkbuf_1_0__f_clk/X (sky130_fd_sc_hd__clkbuf_16)
                                                         clknet_1_0__leaf_clk (net)
                      0.025944    0.000284    0.247667 v _144_/A (sky130_fd_sc_hd__nor2_1)
     1    0.005444    0.118915    0.121815    0.369482 ^ _144_/Y (sky130_fd_sc_hd__nor2_1)
                                                         net7 (net)
                      0.118917    0.000398    0.369880 ^ output7/A (sky130_fd_sc_hd__buf_2)
     1    0.051333    0.250506    0.279840    0.649720 ^ output7/X (sky130_fd_sc_hd__buf_2)
                                                         comparator_evaluate (net)
                      0.250545    0.002615    0.652335 ^ comparator_evaluate (out)
                                              0.652335   data arrival time

                                 10.000000   10.000000   max_delay
                                  0.000000   10.000000   clock clk (rise edge)
                                  0.000000   10.000000   clock network delay (propagated)
                                 -1.000000    9.000000   clock uncertainty
                                  0.000000    9.000000   clock reconvergence pessimism
                                  0.000000    9.000019   output external delay
                                              9.000019   data required time
---------------------------------------------------------------------------------------------
                                              9.000019   data required time
                                             -0.652335   data arrival time
---------------------------------------------------------------------------------------------
                                              8.347684   slack (MET)




===========================================================================
report_checks --slack_max -0.01
============================================================================
======================= max_tt_025C_1v80 Corner ===================================

No paths found.


===========================================================================
 report_check_types -max_slew -max_cap -max_fanout -violators
============================================================================
======================= max_tt_025C_1v80 Corner ===================================



===========================================================================
report_parasitic_annotation -report_unannotated
============================================================================
Found 3 unannotated drivers.
 clkload0/X
 clkload1/X
 clkload2/X
Found 0 partially unannotated drivers.

===========================================================================
max slew violation count 0
max fanout violation count 0
max cap violation count 0
============================================================================

===========================================================================
check_setup -verbose -unconstrained_endpoints -multiple_clock -no_clock -no_input_delay -loops -generated_clocks
===========================================================================
Warning: There is 1 input port missing set_input_delay.
  rst_n
