
===========================================================================
 report_power
============================================================================
======================= min_tt_025C_1v80 Corner ===================================

Group                    Internal    Switching      Leakage        Total
                            Power        Power        Power        Power (Watts)
------------------------------------------------------------------------
Sequential           3.265645e-06 3.495644e-07 5.012256e-10 3.615710e-06  23.2%
Combinational        4.166782e-06 4.284793e-06 1.125441e-09 8.452700e-06  54.3%
Clock                2.510640e-06 9.958865e-07 3.896696e-09 3.510423e-06  22.5%
Macro                0.000000e+00 0.000000e+00 0.000000e+00 0.000000e+00   0.0%
Pad                  0.000000e+00 0.000000e+00 0.000000e+00 0.000000e+00   0.0%
------------------------------------------------------------------------
Total                9.943064e-06 5.630246e-06 5.523364e-09 1.557883e-05 100.0%
                            63.8%        36.1%         0.0%

