
===========================================================================
 report_power
============================================================================
======================= max_ff_n40C_1v95 Corner ===================================

Group                    Internal    Switching      Leakage        Total
                            Power        Power        Power        Power (Watts)
------------------------------------------------------------------------
Sequential           3.786690e-06 4.536839e-07 6.085252e-10 4.240982e-06  23.0%
Combinational        4.801102e-06 5.226660e-06 4.039424e-09 1.003180e-05  54.4%
Clock                2.880201e-06 1.266688e-06 5.022722e-09 4.151912e-06  22.5%
Macro                0.000000e+00 0.000000e+00 0.000000e+00 0.000000e+00   0.0%
Pad                  0.000000e+00 0.000000e+00 0.000000e+00 0.000000e+00   0.0%
------------------------------------------------------------------------
Total                1.146800e-05 6.947033e-06 9.670666e-09 1.842470e-05 100.0%
                            62.2%        37.7%         0.1%

