
Circuit 1 cell sky130_fd_pr__cap_mim_m3_1 and Circuit 2 cell sky130_fd_pr__cap_mim_m3_1 are black boxes.
Warning: Equate pins:  cell sky130_fd_pr__cap_mim_m3_1 is a placeholder, treated as a black box.
Warning: Equate pins:  cell sky130_fd_pr__cap_mim_m3_1 is a placeholder, treated as a black box.

Subcircuit pins:
Circuit 1: sky130_fd_pr__cap_mim_m3_1      |Circuit 2: sky130_fd_pr__cap_mim_m3_1      
-------------------------------------------|-------------------------------------------
1                                          |1                                          
2                                          |2                                          
---------------------------------------------------------------------------------------
Cell pin lists are equivalent.
Device classes sky130_fd_pr__cap_mim_m3_1 and sky130_fd_pr__cap_mim_m3_1 are equivalent.

Class cdac_side_p_routed_flat (0):  Merged 4342 parallel devices.
Class cdac_side_p_routed_flat (1):  Merged 4342 parallel devices.
Subcircuit summary:
Circuit 1: cdac_side_p_routed_flat         |Circuit 2: cdac_side_p_routed_flat         
-------------------------------------------|-------------------------------------------
sky130_fd_pr__cap_mim_m3_1 (4356->14)      |sky130_fd_pr__cap_mim_m3_1 (4356->14)      
Number of devices: 14                      |Number of devices: 14                      
Number of nets: 15                         |Number of nets: 15                         
---------------------------------------------------------------------------------------
Resolving symmetries by property value.
Resolving symmetries by pin name.
Netlists match uniquely.

Subcircuit pins:
Circuit 1: cdac_side_p_routed_flat         |Circuit 2: cdac_side_p_routed_flat         
-------------------------------------------|-------------------------------------------
EDGE_BIAS                                  |EDGE_BIAS                                  
TOP                                        |TOP                                        
B11                                        |B11                                        
B6                                         |B6                                         
B7                                         |B7                                         
B8                                         |B8                                         
B9                                         |B9                                         
B10                                        |B10                                        
B5                                         |B5                                         
B4                                         |B4                                         
B3                                         |B3                                         
B2                                         |B2                                         
B1                                         |B1                                         
B0                                         |B0                                         
DUMMY                                      |DUMMY                                      
---------------------------------------------------------------------------------------
Cell pin lists are equivalent.
Device classes cdac_side_p_routed_flat and cdac_side_p_routed_flat are equivalent.

Final result: Circuits match uniquely.
.
