
===========================================================================
 report_power
============================================================================
======================= max_ss_100C_1v60 Corner ===================================

Group                    Internal    Switching      Leakage        Total
                            Power        Power        Power        Power (Watts)
------------------------------------------------------------------------
Sequential           2.531033e-06 2.917241e-07 7.265226e-07 3.549280e-06  24.1%
Combinational        3.310685e-06 3.463300e-06 1.359791e-06 8.133776e-06  55.2%
Clock                2.051549e-06 8.207782e-07 1.910190e-07 3.063346e-06  20.8%
Macro                0.000000e+00 0.000000e+00 0.000000e+00 0.000000e+00   0.0%
Pad                  0.000000e+00 0.000000e+00 0.000000e+00 0.000000e+00   0.0%
------------------------------------------------------------------------
Total                7.893270e-06 4.575802e-06 2.277333e-06 1.474640e-05 100.0%
                            53.5%        31.0%        15.4%

