
===========================================================================
report_checks -unconstrained
===========================================================================
======================= nom_ss_100C_1v60 Corner ===================================

Startpoint: clk (clock source 'clk')
Endpoint: comparator_evaluate (output port clocked by clk)
Path Group: clk
Path Type: max

Fanout         Cap        Slew       Delay        Time   Description
---------------------------------------------------------------------------------------------
                                  0.000000    0.000000   clock clk (fall edge)
                                  0.000000    0.000000   clock source latency
     2    0.031678    0.000000    0.000000    0.000000 v clk (in)
                                                         clk (net)
                      0.002222    0.001108    0.001108 v clkbuf_0_clk/A (sky130_fd_sc_hd__clkbuf_16)
     1    0.008109    0.046462    0.210918    0.212026 v clkbuf_0_clk/X (sky130_fd_sc_hd__clkbuf_16)
                                                         clknet_0_clk (net)
                      0.046462    0.000284    0.212310 v clkbuf_1_0__f_clk/A (sky130_fd_sc_hd__clkbuf_16)
     1    0.003997    0.041984    0.224446    0.436756 v clkbuf_1_0__f_clk/X (sky130_fd_sc_hd__clkbuf_16)
                                                         clknet_1_0__leaf_clk (net)
                      0.041984    0.000142    0.436899 v _144_/A (sky130_fd_sc_hd__nor2_1)
     1    0.005109    0.189957    0.202249    0.639147 ^ _144_/Y (sky130_fd_sc_hd__nor2_1)
                                                         net7 (net)
                      0.189957    0.000199    0.639346 ^ output7/A (sky130_fd_sc_hd__buf_2)
     1    0.051265    0.398854    0.489536    1.128882 ^ output7/X (sky130_fd_sc_hd__buf_2)
                                                         comparator_evaluate (net)
                      0.398854    0.001279    1.130161 ^ comparator_evaluate (out)
                                              1.130161   data arrival time

                                 10.000000   10.000000   max_delay
                                  0.000000   10.000000   clock clk (rise edge)
                                  0.000000   10.000000   clock network delay (propagated)
                                 -1.000000    9.000000   clock uncertainty
                                  0.000000    9.000000   clock reconvergence pessimism
                                  0.000000    9.000019   output external delay
                                              9.000019   data required time
---------------------------------------------------------------------------------------------
                                              9.000019   data required time
                                             -1.130161   data arrival time
---------------------------------------------------------------------------------------------
                                              7.869858   slack (MET)




===========================================================================
report_checks --slack_max -0.01
============================================================================
======================= nom_ss_100C_1v60 Corner ===================================

No paths found.


===========================================================================
 report_check_types -max_slew -max_cap -max_fanout -violators
============================================================================
======================= nom_ss_100C_1v60 Corner ===================================



===========================================================================
report_parasitic_annotation -report_unannotated
============================================================================
Found 3 unannotated drivers.
 clkload0/X
 clkload1/X
 clkload2/X
Found 0 partially unannotated drivers.

===========================================================================
max slew violation count 0
max fanout violation count 0
max cap violation count 0
============================================================================

===========================================================================
check_setup -verbose -unconstrained_endpoints -multiple_clock -no_clock -no_input_delay -loops -generated_clocks
===========================================================================
Warning: There is 1 input port missing set_input_delay.
  rst_n
