
Circuit 1 cell sky130_fd_pr__cap_mim_m3_1 and Circuit 2 cell sky130_fd_pr__cap_mim_m3_1 are black boxes.
Warning: Equate pins:  cell sky130_fd_pr__cap_mim_m3_1 is a placeholder, treated as a black box.
Warning: Equate pins:  cell sky130_fd_pr__cap_mim_m3_1 is a placeholder, treated as a black box.

Subcircuit pins:
Circuit 1: sky130_fd_pr__cap_mim_m3_1      |Circuit 2: sky130_fd_pr__cap_mim_m3_1      
-------------------------------------------|-------------------------------------------
1                                          |1                                          
2                                          |2                                          
---------------------------------------------------------------------------------------
Cell pin lists are equivalent.
Device classes sky130_fd_pr__cap_mim_m3_1 and sky130_fd_pr__cap_mim_m3_1 are equivalent.

Class cdac_route_probe_flat (0):  Merged 2 parallel devices.
Class cdac_route_probe_flat (1):  Merged 2 parallel devices.
Subcircuit summary:
Circuit 1: cdac_route_probe_flat           |Circuit 2: cdac_route_probe_flat           
-------------------------------------------|-------------------------------------------
sky130_fd_pr__cap_mim_m3_1 (4->2)          |sky130_fd_pr__cap_mim_m3_1 (4->2)          
Number of devices: 2                       |Number of devices: 2                       
Number of nets: 3                          |Number of nets: 3                          
---------------------------------------------------------------------------------------
Resolving symmetries by property value.
Resolving symmetries by pin name.
Netlists match uniquely.

Subcircuit pins:
Circuit 1: cdac_route_probe_flat           |Circuit 2: cdac_route_probe_flat           
-------------------------------------------|-------------------------------------------
TOP                                        |TOP                                        
B0                                         |B0                                         
B1                                         |B1                                         
---------------------------------------------------------------------------------------
Cell pin lists are equivalent.
Device classes cdac_route_probe_flat and cdac_route_probe_flat are equivalent.

Final result: Circuits match uniquely.
.
