
Note: Compatibility modes selected: hs a

Warning: m=xx on .subckt line will override multiplier m hierarchy!


Circuit: *lib "/foss/pdks/ciel/sky130/versions/026824c7969ce6f4fc9678e6ca04b0a06a596c4b/sky130A/libs.tech/ngspice/sky130.lib.spice" tt

option SCALE: Scale is set to 1e-06 for instance and model parameters
Doing analysis at TEMP = 27.000000 and TNOM = 27.000000

Using SPARSE 1.3 as Direct Linear Solver

No. of Data Rows : 1
Error: no such vector VOUT
  in term: v(VOUT)

Doing analysis at TEMP = 27.000000 and TNOM = 27.000000

Using SPARSE 1.3 as Direct Linear Solver

No. of Data Rows : 1081
Warning from checkvalid: vector vout is not available or has zero length.
Error: RHS "-v(vout)/v(vinn)" invalid
Warning from checkvalid: vector tloop is not available or has zero length.
Error: RHS "db(tloop)" invalid
Warning from checkvalid: vector tloop is not available or has zero length.
Error: RHS "180/pi*ph(tloop)" invalid
Error: no such vector gain_db
ngspice-47 done
